.
----------------------------------------------------------------------
Ran 1 test in 1.192s

OK
